// Jest Snapshot v1, https://goo.gl/fbAQLP

exports[`Section renders correctly 1`] = `
<div>
  <div
    class="nxrm-section nx-tile"
  >
    section
  </div>
</div>
`;
