// Jest Snapshot v1, https://goo.gl/fbAQLP

exports[`SupportZipResponse renders support zip response 1`] = `
<div>
  <div
    class="nxrm-support-zip-response"
  >
    <h2>
      Support ZIP Created
    </h2>
    <p>
      Support ZIP has been created.
      <br />
      You can reference this file on the filesystem or download the file from your browser.
    </p>
    <div
      class="field-wrapper"
    >
      <label
        class="field-wrapper-label"
        for="name"
      >
        Name:
      </label>
      <input
        class="nxrm-textfield"
        disabled=""
        id="name"
        name="name"
        type="text"
        value="support-20200527-095617-6.zip"
      />
    </div>
    <div
      class="field-wrapper"
    >
      <label
        class="field-wrapper-label"
        for="size"
      >
        Size:
      </label>
      <input
        class="nxrm-textfield"
        disabled=""
        id="size"
        name="size"
        type="text"
        value="281152"
      />
    </div>
    <div
      class="field-wrapper"
    >
      <label
        class="field-wrapper-label"
        for="file"
      >
        Path:
      </label>
      <input
        class="nxrm-textfield"
        disabled=""
        id="file"
        name="file"
        type="text"
        value="/Users/ataylor/dev/sonatype/nexus-internal/target/sonatype-work/nexus3/downloads/support-20200527-095617-6.zip"
      />
    </div>
    <div
      class="nxrm-section-footer nx-tile-footer"
    >
      <button
        class="nx-btn nx-btn--primary"
        type="submit"
      >
        <svg
          aria-hidden="true"
          class="svg-inline--fa fa-download fa-w-16 nx-icon"
          data-icon="download"
          data-prefix="fas"
          focusable="false"
          role="img"
          viewBox="0 0 512 512"
          xmlns="http://www.w3.org/2000/svg"
        >
          <path
            d="M216 0h80c13.3 0 24 10.7 24 24v168h87.7c17.8 0 26.7 21.5 14.1 34.1L269.7 378.3c-7.5 7.5-19.8 7.5-27.3 0L90.1 226.1c-12.6-12.6-3.7-34.1 14.1-34.1H192V24c0-13.3 10.7-24 24-24zm296 376v112c0 13.3-10.7 24-24 24H24c-13.3 0-24-10.7-24-24V376c0-13.3 10.7-24 24-24h146.7l49 49c20.1 20.1 52.5 20.1 72.6 0l49-49H488c13.3 0 24 10.7 24 24zm-124 88c0-11-9-20-20-20s-20 9-20 20 9 20 20 20 20-9 20-20zm64 0c0-11-9-20-20-20s-20 9-20 20 9 20 20 20 20-9 20-20z"
            fill="currentColor"
          />
        </svg>
        <span>
          Download
        </span>
      </button>
    </div>
  </div>
</div>
`;
