// Jest Snapshot v1, https://goo.gl/fbAQLP

exports[`Select renders correctly 1`] = `
<div>
  <select
    class="nxrm-select"
  >
    <option
      value="1"
    >
      1
    </option>
    <option
      value="2"
    >
      2
    </option>
  </select>
</div>
`;
